INFILE=test.txt
Raw Text=we collect aggregate information about the use of the Services , including information about users accessing the Services on other sites , such as internet protocol addresses , browser type , browser language , browser history , platform type , number of clicks , domain names , landing pages.
[('we', 'PRP'), ('collect', 'VBP'), ('aggregate', 'JJ'), ('information', 'NN'), ('about', 'IN'), ('the', 'DT'), ('use', 'NN'), ('of', 'IN'), ('the', 'DT'), ('Services', 'NNPS'), (',', ','), ('including', 'VBG'), ('information', 'NN'), ('about', 'IN'), ('users', 'NNS'), ('accessing', 'VBG'), ('the', 'DT'), ('Services', 'NNPS'), ('on', 'IN'), ('other', 'JJ'), ('sites', 'NNS'), (',', ','), ('such', 'JJ'), ('as', 'IN'), ('internet', 'NN'), ('protocol', 'NN'), ('addresses', 'NNS'), (',', ','), ('browser', 'NN'), ('type', 'NN'), (',', ','), ('browser', 'NN'), ('language', 'NN'), (',', ','), ('browser', 'JJR'), ('history', 'NN'), (',', ','), ('platform', 'NN'), ('type', 'NN'), (',', ','), ('number', 'NN'), ('of', 'IN'), ('clicks', 'NNS'), (',', ','), ('domain', 'NN'), ('names', 'NNS'), (',', ','), ('landing', 'VBG'), ('pages', 'NNS'), ('.', '.')]
Before Union=we collect NP_aggregate_information about NP_the_use of the Services , including NP_information about NP_users accessing the Services on other NP_sites , such as NP_internet_protocol NP_addresses , NP_browser_type , NP_browser_language , NP_browser_history , NP_platform_type , NP_number of NP_clicks , NP_domain NP_names , landing NP_pages
<class 'str'>
Unioned Sentence=we collect NP_aggregate_information about NP_the_use of the Services , including NP_information about NP_users accessing the Services on other NP_sites , such as NP_internet_protocol_addresses , NP_browser_type , NP_browser_language , NP_browser_history , NP_platform_type , NP_number of NP_clicks , NP_domain_names , landing NP_pages
Spec=NP_internet_protocol_addresses, General=NP_sites
[('we', 'PRP'), ('collect', 'VBP'), ('aggregate', 'NN'), ('information', 'NN'), ('about', 'IN'), ('the', 'DT'), ('use', 'NN'), ('of', 'IN'), ('the', 'DT'), ('Services', 'NNPS'), (',', ','), ('including', 'VBG'), ('information', 'NN'), ('about', 'IN'), ('users', 'NNS'), ('accessing', 'VBG'), ('the', 'DT'), ('Services', 'NNPS'), ('on', 'IN'), ('other', 'JJ'), ('sites', 'NNS'), (',', ','), ('such', 'JJ'), ('as', 'IN'), ('internet', 'NN'), ('protocol', 'NN'), ('addresses', 'NNS'), (',', ','), ('browser', 'NN'), ('type', 'NN'), (',', ','), ('browser', 'NN'), ('language', 'NN'), (',', ','), ('browser', 'NN'), ('history', 'NN'), (',', ','), ('platform', 'NN'), ('type', 'NN'), (',', ','), ('number', 'NN'), ('of', 'IN'), ('clicks', 'NNS'), (',', ','), ('domain', 'NN'), ('names', 'NNS'), (',', ','), ('landing', 'VBG'), ('pages', 'NNS'), ('.', '.')]
internet_protocol_addresses
sites
Spec=NP_browser_type, General=NP_sites
[('we', 'PRP'), ('collect', 'VBP'), ('aggregate', 'NN'), ('information', 'NN'), ('about', 'IN'), ('the', 'DT'), ('use', 'NN'), ('of', 'IN'), ('the', 'DT'), ('Services', 'NNPS'), (',', ','), ('including', 'VBG'), ('information', 'NN'), ('about', 'IN'), ('users', 'NNS'), ('accessing', 'VBG'), ('the', 'DT'), ('Services', 'NNPS'), ('on', 'IN'), ('other', 'JJ'), ('sites', 'NNS'), (',', ','), ('such', 'JJ'), ('as', 'IN'), ('internet', 'NN'), ('protocol', 'NN'), ('addresses', 'NNS'), (',', ','), ('browser', 'NN'), ('type', 'NN'), (',', ','), ('browser', 'NN'), ('language', 'NN'), (',', ','), ('browser', 'NN'), ('history', 'NN'), (',', ','), ('platform', 'NN'), ('type', 'NN'), (',', ','), ('number', 'NN'), ('of', 'IN'), ('clicks', 'NNS'), (',', ','), ('domain', 'NN'), ('names', 'NNS'), (',', ','), ('landing', 'VBG'), ('pages', 'NNS'), ('.', '.')]
browser_type
sites
Spec=NP_browser_language, General=NP_sites
[('we', 'PRP'), ('collect', 'VBP'), ('aggregate', 'NN'), ('information', 'NN'), ('about', 'IN'), ('the', 'DT'), ('use', 'NN'), ('of', 'IN'), ('the', 'DT'), ('Services', 'NNPS'), (',', ','), ('including', 'VBG'), ('information', 'NN'), ('about', 'IN'), ('users', 'NNS'), ('accessing', 'VBG'), ('the', 'DT'), ('Services', 'NNPS'), ('on', 'IN'), ('other', 'JJ'), ('sites', 'NNS'), (',', ','), ('such', 'JJ'), ('as', 'IN'), ('internet', 'NN'), ('protocol', 'NN'), ('addresses', 'NNS'), (',', ','), ('browser', 'NN'), ('type', 'NN'), (',', ','), ('browser', 'NN'), ('language', 'NN'), (',', ','), ('browser', 'NN'), ('history', 'NN'), (',', ','), ('platform', 'NN'), ('type', 'NN'), (',', ','), ('number', 'NN'), ('of', 'IN'), ('clicks', 'NNS'), (',', ','), ('domain', 'NN'), ('names', 'NNS'), (',', ','), ('landing', 'VBG'), ('pages', 'NNS'), ('.', '.')]
browser_language
sites
Spec=NP_browser_history, General=NP_sites
[('we', 'PRP'), ('collect', 'VBP'), ('aggregate', 'NN'), ('information', 'NN'), ('about', 'IN'), ('the', 'DT'), ('use', 'NN'), ('of', 'IN'), ('the', 'DT'), ('Services', 'NNPS'), (',', ','), ('including', 'VBG'), ('information', 'NN'), ('about', 'IN'), ('users', 'NNS'), ('accessing', 'VBG'), ('the', 'DT'), ('Services', 'NNPS'), ('on', 'IN'), ('other', 'JJ'), ('sites', 'NNS'), (',', ','), ('such', 'JJ'), ('as', 'IN'), ('internet', 'NN'), ('protocol', 'NN'), ('addresses', 'NNS'), (',', ','), ('browser', 'NN'), ('type', 'NN'), (',', ','), ('browser', 'NN'), ('language', 'NN'), (',', ','), ('browser', 'NN'), ('history', 'NN'), (',', ','), ('platform', 'NN'), ('type', 'NN'), (',', ','), ('number', 'NN'), ('of', 'IN'), ('clicks', 'NNS'), (',', ','), ('domain', 'NN'), ('names', 'NNS'), (',', ','), ('landing', 'VBG'), ('pages', 'NNS'), ('.', '.')]
browser_history
sites
Spec=NP_platform_type, General=NP_sites
[('we', 'PRP'), ('collect', 'VBP'), ('aggregate', 'NN'), ('information', 'NN'), ('about', 'IN'), ('the', 'DT'), ('use', 'NN'), ('of', 'IN'), ('the', 'DT'), ('Services', 'NNPS'), (',', ','), ('including', 'VBG'), ('information', 'NN'), ('about', 'IN'), ('users', 'NNS'), ('accessing', 'VBG'), ('the', 'DT'), ('Services', 'NNPS'), ('on', 'IN'), ('other', 'JJ'), ('sites', 'NNS'), (',', ','), ('such', 'JJ'), ('as', 'IN'), ('internet', 'NN'), ('protocol', 'NN'), ('addresses', 'NNS'), (',', ','), ('browser', 'NN'), ('type', 'NN'), (',', ','), ('browser', 'NN'), ('language', 'NN'), (',', ','), ('browser', 'NN'), ('history', 'NN'), (',', ','), ('platform', 'NN'), ('type', 'NN'), (',', ','), ('number', 'NN'), ('of', 'IN'), ('clicks', 'NNS'), (',', ','), ('domain', 'NN'), ('names', 'NNS'), (',', ','), ('landing', 'VBG'), ('pages', 'NNS'), ('.', '.')]
platform_type
sites
Spec=NP_number, General=NP_sites
[('we', 'PRP'), ('collect', 'VBP'), ('aggregate', 'NN'), ('information', 'NN'), ('about', 'IN'), ('the', 'DT'), ('use', 'NN'), ('of', 'IN'), ('the', 'DT'), ('Services', 'NNPS'), (',', ','), ('including', 'VBG'), ('information', 'NN'), ('about', 'IN'), ('users', 'NNS'), ('accessing', 'VBG'), ('the', 'DT'), ('Services', 'NNPS'), ('on', 'IN'), ('other', 'JJ'), ('sites', 'NNS'), (',', ','), ('such', 'JJ'), ('as', 'IN'), ('internet', 'NN'), ('protocol', 'NN'), ('addresses', 'NNS'), (',', ','), ('browser', 'NN'), ('type', 'NN'), (',', ','), ('browser', 'NN'), ('language', 'NN'), (',', ','), ('browser', 'NN'), ('history', 'NN'), (',', ','), ('platform', 'NN'), ('type', 'NN'), (',', ','), ('number', 'NN'), ('of', 'IN'), ('clicks', 'NNS'), (',', ','), ('domain', 'NN'), ('names', 'NNS'), (',', ','), ('landing', 'VBG'), ('pages', 'NNS'), ('.', '.')]
number
sites
we collect aggregate information about the use of the Services , including information about users accessing the Services on other sites , such as internet protocol addresses , browser type , browser language , browser history , platform type , number of clicks , domain names , landing pages
( internet protocol addresses | other sites)

we collect aggregate information about the use of the Services , including information about users accessing the Services on other sites , such as internet protocol addresses , browser type , browser language , browser history , platform type , number of clicks , domain names , landing pages
( browser type | other sites)

we collect aggregate information about the use of the Services , including information about users accessing the Services on other sites , such as internet protocol addresses , browser type , browser language , browser history , platform type , number of clicks , domain names , landing pages
( browser language | other sites)

we collect aggregate information about the use of the Services , including information about users accessing the Services on other sites , such as internet protocol addresses , browser type , browser language , browser history , platform type , number of clicks , domain names , landing pages
( browser history | other sites)

we collect aggregate information about the use of the Services , including information about users accessing the Services on other sites , such as internet protocol addresses , browser type , browser language , browser history , platform type , number of clicks , domain names , landing pages
( platform type | other sites)

we collect aggregate information about the use of the Services , including information about users accessing the Services on other sites , such as internet protocol addresses , browser type , browser language , browser history , platform type , number of clicks , domain names , landing pages
( number | other sites)

